// Jest Snapshot v1, https://goo.gl/fbAQLP

exports[`renders correctly 1`] = `
<footer
  className="footer"
>
  <p
    className="mb-0"
  >
    Developed by: 
    <strong>
      <a
        href="https://www.linkedin.com/in/danilo-esteban-plazas-camargo/"
      >
        Danilo Plazas Camargo
      </a>
    </strong>
  </p>
  <p
    className="mb-0"
  >
    Checkout the GitHub Repository of this project in this 
    <strong>
      <a
        href="https://github.com/Wartaron/Final-Project-Bootcamp"
      >
        link
      </a>
    </strong>
  </p>
</footer>
`;
